66.249.79.115 - - [25/Sep/2016:03:42:25 +0800] "GET /run/help4211?p=np&rss=y HTTP/1.1" 200 420
66.249.79.115 - - [25/Sep/2016:03:45:23 +0800] "GET /run/help4419?hl=net&a=14 HTTP/1.1" 200 16729
66.249.79.111 - - [25/Sep/2016:03:46:38 +0800] "GET /run/help1401?hl=edu&search=edu&sort=r HTTP/1.1" 200 22653
66.249.79.111 - - [25/Sep/2016:03:46:50 +0800] "GET /run/help2002?p=np&a=241&all=y3 HTTP/1.1" 200 26094
66.249.79.107 - - [25/Sep/2016:03:46:53 +0800] "GET /run/help3001?hl=student&a=14 HTTP/1.1" 200 22132
66.249.79.111 - - [25/Sep/2016:03:47:02 +0800] "GET /run/help3002?hl=bits&a=346 HTTP/1.1" 200 20959
66.249.79.111 - - [25/Sep/2016:03:47:07 +0800] "GET /run/help4211?p=np&rss=y HTTP/1.1" 200 420
104.154.239.182 - - [25/Sep/2016:03:47:11 +0800] "GET /run/help4419?p=np&rss=y HTTP/1.1" 200 10275
66.249.79.107 - - [25/Sep/2016:03:47:15 +0800] "GET /run/help3002?p=np&option=F117 HTTP/1.1" 200 96631
66.249.79.107 - - [25/Sep/2016:03:47:23 +0800] "GET /run/help1001?hl=string&a=712 HTTP/1.1" 200 21336
52.11.82.104 - - [25/Sep/2016:03:48:21 +0800] "GET /run/help1001?p=np&rss=y&t=1340 HTTP/1.1" 200 5962
52.11.82.104 - - [25/Sep/2016:03:48:21 +0800] "GET /run/help1001?p=np&rss=y&t=1386 HTTP/1.1" 200 3063
66.249.79.107 - - [25/Sep/2016:03:51:05 +0800] "GET /run/help4401?p=np&a=20 HTTP/1.1" 200 19848
66.249.79.111 - - [25/Sep/2016:03:56:48 +0800] "GET /run/help2200?p=np&a=400 HTTP/1.1" 200 20823
104.154.239.182 - - [25/Sep/2016:03:57:12 +0800] "GET /run/help4419?p=np&rss=y HTTP/1.1" 200 10275
66.249.79.115 - - [25/Sep/2016:03:57:50 +0800] "GET /run/help3230?p=np&rss=y HTTP/1.1" 200 420
207.46.13.122 - - [25/Sep/2016:03:58:05 +0800] "GET /run/icpcforum HTTP/1.1" 200 16337
207.46.13.122 - - [25/Sep/2016:03:58:21 +0800] "GET /newcss/designs_uwa_id_print.css HTTP/1.1" 200 1854
207.46.13.153 - - [25/Sep/2016:03:58:29 +0800] "GET /newcss/visualid_scripts_id-core_r218.js HTTP/1.1" 200 15469
188.168.193.203 - - [25/Sep/2016:03:59:49 +0800] "GET /run/help1200?p=np&rss=y&t=223 HTTP/1.1" 200 420
66.249.79.107 - - [25/Sep/2016:04:02:31 +0800] "GET /run/help3002?p=np&a=247&all=y4 HTTP/1.1" 200 30760
104.154.239.182 - - [25/Sep/2016:04:07:12 +0800] "GET /run/help4419?p=np&rss=y HTTP/1.1" 200 10275
66.249.79.107 - - [25/Sep/2016:04:08:15 +0800] "GET /robots.txt HTTP/1.1" 200 57
66.249.79.115 - - [25/Sep/2016:04:08:17 +0800] "GET / HTTP/1.1" 200 8030
66.249.79.107 - - [25/Sep/2016:04:10:46 +0800] "GET /images/cshelp/smilies/verytired.png HTTP/1.1" 304 -
66.249.79.107 - - [25/Sep/2016:04:10:47 +0800] "GET /images/cshelp/smilies/cool.png HTTP/1.1" 304 -
203.59.53.122 - - [25/Sep/2016:04:10:49 +0800] "GET /run/help2002 HTTP/1.1" 200 45470
66.249.79.115 - - [25/Sep/2016:04:11:18 +0800] "GET /images/cshelp/smilies/crybaby.png HTTP/1.1" 304 -
66.249.79.115 - - [25/Sep/2016:04:12:13 +0800] "GET /images/cshelp/smilies/clock.png HTTP/1.1" 304 -
66.249.79.107 - - [25/Sep/2016:04:12:24 +0800] "GET /images/cshelp/smilies/ambivalent.png HTTP/1.1" 304 -
66.249.79.111 - - [25/Sep/2016:04:13:02 +0800] "GET /images/cshelp/smilies/angry.png HTTP/1.1" 304 -
136.243.5.203 - - [25/Sep/2016:04:13:29 +0800] "GET /run/help4403?p=np&rss=y HTTP/1.1" 200 8233
66.249.79.111 - - [25/Sep/2016:04:13:57 +0800] "GET /run/help3003 HTTP/1.1" 200 24937
104.154.239.182 - - [25/Sep/2016:04:17:12 +0800] "GET /run/help4419?p=np&rss=y HTTP/1.1" 200 10275
66.249.79.115 - - [25/Sep/2016:04:19:40 +0800] "GET /run/help1401 HTTP/1.1" 200 22808
66.249.79.115 - - [25/Sep/2016:04:20:33 +0800] "GET /run/help3230?p=np&rss=y HTTP/1.1" 200 420
66.249.79.111 - - [25/Sep/2016:04:25:22 +0800] "GET /run/help1210?show=y&a=1320 HTTP/1.1" 200 16213
66.249.79.115 - - [25/Sep/2016:04:27:06 +0800] "GET /run/help1210?jumpto2=help5507 HTTP/1.1" 302 227
104.154.239.182 - - [25/Sep/2016:04:27:12 +0800] "GET /run/help4419?p=np&rss=y HTTP/1.1" 200 10275
188.168.193.203 - - [25/Sep/2016:04:29:55 +0800] "GET /run/help1200?p=np&rss=y&t=223 HTTP/1.1" 200 420
66.249.79.107 - - [25/Sep/2016:04:31:06 +0800] "GET /run/help1001?p=np&a=275 HTTP/1.1" 200 21319
52.11.82.104 - - [25/Sep/2016:04:34:14 +0800] "GET /run/help1001?p=np&rss=y&t=1386 HTTP/1.1" 200 3063
52.11.82.104 - - [25/Sep/2016:04:34:14 +0800] "GET /run/help1001?p=np&rss=y&t=1340 HTTP/1.1" 200 5962
66.249.79.115 - - [25/Sep/2016:04:36:48 +0800] "GET /run/help3002?p=np&a=247&all=y3 HTTP/1.1" 200 30760
144.136.169.19 - - [25/Sep/2016:04:37:05 +0800] "GET /run/help4419 HTTP/1.1" 200 21165
104.154.239.182 - - [25/Sep/2016:04:37:12 +0800] "GET /run/help4419?p=np&rss=y HTTP/1.1" 200 10275
66.249.79.115 - - [25/Sep/2016:04:40:22 +0800] "GET /run/csforum?p=np&rss=y HTTP/1.1" 200 22746
120.16.182.26 - - [25/Sep/2016:04:41:08 +0800] "GET /run/cssubmit HTTP/1.1" 200 26363
120.16.182.26 - - [25/Sep/2016:04:41:11 +0800] "GET /run/cssubmit?p=np&login=y HTTP/1.1" 200 13658
120.16.182.26 - - [25/Sep/2016:04:41:14 +0800] "POST /run/cssubmit?p=np HTTP/1.1" 200 26729
120.16.182.26 - - [25/Sep/2016:04:41:19 +0800] "GET /run/cssubmit?p=np&open=CITS4419-1 HTTP/1.1" 200 27370
120.16.182.26 - - [25/Sep/2016:04:41:28 +0800] "GET /run/cssubmit?p=np&key=research-essay HTTP/1.1" 200 16927
120.16.182.26 - - [25/Sep/2016:04:41:31 +0800] "GET /run/cssubmit?p=np&submit=y&key=research-essay HTTP/1.1" 200 23215
120.16.182.26 - - [25/Sep/2016:04:42:01 +0800] "POST /run/cssubmit?p=np&submit=y&key=research-essay HTTP/1.1" 200 19348
120.16.182.26 - - [25/Sep/2016:04:42:17 +0800] "GET /run/cssubmit?p=np&logout=y HTTP/1.1" 200 26570
66.249.79.107 - - [25/Sep/2016:04:42:31 +0800] "GET /run/help1001?p=np&a=1677 HTTP/1.1" 200 21674
207.46.13.67 - - [25/Sep/2016:04:44:17 +0800] "GET /run/help1001?p=np&a=575&login=y HTTP/1.1" 200 18452
120.16.182.26 - - [25/Sep/2016:04:44:45 +0800] "GET /run/cssubmit HTTP/1.1" 200 26363
120.16.182.26 - - [25/Sep/2016:04:44:48 +0800] "GET /run/cssubmit?p=np&login=y HTTP/1.1" 200 13658
207.46.13.67 - - [25/Sep/2016:04:44:48 +0800] "GET /run/help1001?p=np&a=2094 HTTP/1.1" 200 23949
120.16.182.26 - - [25/Sep/2016:04:44:50 +0800] "POST /run/cssubmit?p=np HTTP/1.1" 200 26729
207.46.13.67 - - [25/Sep/2016:04:44:52 +0800] "GET /run/help1001?p=np&a=75&login=y HTTP/1.1" 200 18434
120.16.182.26 - - [25/Sep/2016:04:44:55 +0800] "GET /run/cssubmit?p=np&open=CITS4419-1 HTTP/1.1" 200 27460
120.16.182.26 - - [25/Sep/2016:04:45:00 +0800] "GET /run/cssubmit?p=np&key=research-essay HTTP/1.1" 200 19120
120.16.182.26 - - [25/Sep/2016:04:45:06 +0800] "GET /run/cssubmit?p=np&download=y&fetch=y&key=research-essay&what=Research%20Essay%20on%20%20Energy%20efficient%20zone%20based%20routing%20protocol%20for%20MANETs.pdf HTTP/1.1" 200 150986
220.181.108.187 - - [25/Sep/2016:04:45:41 +0800] "GET /run/csmarks HTTP/1.1" 200 17100
104.154.239.182 - - [25/Sep/2016:04:47:12 +0800] "GET /run/help4419?p=np&rss=y HTTP/1.1" 200 10275
66.249.79.111 - - [25/Sep/2016:04:48:14 +0800] "GET /run/help1001?hl=color&a=2245 HTTP/1.1" 200 20656
120.16.182.26 - - [25/Sep/2016:04:49:43 +0800] "GET /run/cssubmit HTTP/1.1" 200 26529
141.8.143.198 - - [25/Sep/2016:04:50:23 +0800] "GET /images/cshelp/uploaded/c0/c08ad53f7842bcf6c6f54355f178d35d.png HTTP/1.1" 304 -
120.16.182.26 - - [25/Sep/2016:04:51:01 +0800] "GET /run/cssubmit?p=np&open=CITS4419-1 HTTP/1.1" 200 27460
120.16.182.26 - - [25/Sep/2016:04:51:05 +0800] "GET /run/cssubmit?p=np&key=research-essay HTTP/1.1" 200 19302
120.16.182.26 - - [25/Sep/2016:04:51:09 +0800] "POST /run/cssubmit?p=np&key=research-essay HTTP/1.1" 200 19362
120.16.182.26 - - [25/Sep/2016:04:51:13 +0800] "POST /run/cssubmit?p=np&key=research-essay HTTP/1.1" 200 18137
120.16.182.26 - - [25/Sep/2016:04:51:16 +0800] "GET /run/cssubmit?p=np&submit=y&key=research-essay HTTP/1.1" 200 23215
120.16.182.26 - - [25/Sep/2016:04:51:32 +0800] "POST /run/cssubmit?p=np&submit=y&key=research-essay HTTP/1.1" 200 20091
120.16.182.26 - - [25/Sep/2016:04:51:50 +0800] "GET /run/cssubmit?p=np&download=y&fetch=y&key=research-essay&what=Research%20Essay%20on%20%20Energy%20efficient%20zone%20based%20routing%20protocol%20for%20MANETs.pdf HTTP/1.1" 200 149651
10.20.135.81 - - [25/Sep/2016:04:52:12 +0800] "GET /run/cssubmit HTTP/1.1" 200 26363
10.20.135.81 - - [25/Sep/2016:04:52:23 +0800] "GET /run/cssubmit?p=np&open=CITS2002-2 HTTP/1.1" 200 27377
10.20.135.81 - - [25/Sep/2016:04:52:30 +0800] "GET /run/cssubmit?p=np&open=CITS2002-2 HTTP/1.1" 200 27377
68.180.228.54 - - [25/Sep/2016:04:52:31 +0800] "GET /robots.txt HTTP/1.1" 200 57
68.180.228.54 - - [25/Sep/2016:04:52:32 +0800] "GET /run/help4008 HTTP/1.1" 200 17396
10.20.135.81 - - [25/Sep/2016:04:52:41 +0800] "GET /run/cssubmit?p=np&login=y HTTP/1.1" 200 13658
10.20.135.81 - - [25/Sep/2016:04:52:43 +0800] "POST /run/cssubmit?p=np HTTP/1.1" 200 26626
10.20.135.81 - - [25/Sep/2016:04:52:43 +0800] "GET /images/cssubmit/info.gif HTTP/1.1" 200 564
10.20.135.81 - - [25/Sep/2016:04:52:43 +0800] "GET /images/cssubmit/tick.gif HTTP/1.1" 200 72
10.20.135.81 - - [25/Sep/2016:04:52:44 +0800] "GET /run/cssubmit?p=np&open=CITS2002-2 HTTP/1.1" 200 27624
10.20.135.81 - - [25/Sep/2016:04:52:47 +0800] "GET /run/cssubmit?p=np&key=cits2002-proj1 HTTP/1.1" 200 16975
10.20.135.81 - - [25/Sep/2016:04:52:47 +0800] "GET /newcss/graphics/bullet-link.gif HTTP/1.1" 200 177
10.20.135.81 - - [25/Sep/2016:04:52:50 +0800] "GET /run/cssubmit?p=np&submit=y&key=cits2002-proj1 HTTP/1.1" 200 23248
207.46.13.67 - - [25/Sep/2016:04:53:05 +0800] "GET /run/help1001?p=np&option=F1747 HTTP/1.1" 200 660625
207.46.13.67 - - [25/Sep/2016:04:53:08 +0800] "GET /run/help1001?p=np&a=744&login=y HTTP/1.1" 200 18412
10.20.135.81 - - [25/Sep/2016:04:53:51 +0800] "POST /run/cssubmit?p=np&submit=y&key=cits2002-proj1 HTTP/1.1" 200 19051
10.20.135.81 - - [25/Sep/2016:04:53:51 +0800] "GET /images/cssubmit/late.gif HTTP/1.1" 200 87
10.20.135.81 - - [25/Sep/2016:04:53:51 +0800] "GET /images/cssubmit/extension.png HTTP/1.1" 200 828
66.249.79.115 - - [25/Sep/2016:04:53:57 +0800] "GET /run/help3401?p=np&a=2 HTTP/1.1" 200 22035
120.16.182.26 - - [25/Sep/2016:04:54:32 +0800] "GET /run/cssubmit HTTP/1.1" 200 26529
120.16.182.26 - - [25/Sep/2016:04:54:36 +0800] "GET /run/cssubmit?p=np&open=CITS4419-1 HTTP/1.1" 200 27460
120.16.182.26 - - [25/Sep/2016:04:54:41 +0800] "GET /run/cssubmit?p=np&logout=y HTTP/1.1" 200 26570
120.16.182.26 - - [25/Sep/2016:04:54:44 +0800] "GET /run/cssubmit?p=np&login=y HTTP/1.1" 200 13658
120.16.182.26 - - [25/Sep/2016:04:54:46 +0800] "POST /run/cssubmit?p=np HTTP/1.1" 200 26729
120.16.182.26 - - [25/Sep/2016:04:54:52 +0800] "GET /run/cssubmit?p=np&open=CITS4419-1 HTTP/1.1" 200 27460
120.16.182.26 - - [25/Sep/2016:04:55:01 +0800] "GET /run/cssubmit?p=np&key=research-essay HTTP/1.1" 200 20045
104.154.239.182 - - [25/Sep/2016:04:57:12 +0800] "GET /run/help4419?p=np&rss=y HTTP/1.1" 200 10275
207.46.13.67 - - [25/Sep/2016:04:59:11 +0800] "GET /run/help1001?p=np&a=817&login=y HTTP/1.1" 200 18411
207.46.13.67 - - [25/Sep/2016:04:59:13 +0800] "GET /run/help1001?p=np&a=2242&all=y2 HTTP/1.1" 200 23921
65.55.210.75 - - [25/Sep/2016:04:59:17 +0800] "GET /newcss/CSM-SCROLLRSS.js HTTP/1.1" 200 1612
65.55.210.75 - - [25/Sep/2016:04:59:17 +0800] "GET /newcss/designs_page_types_uwa_landing_page.css HTTP/1.1" 200 8158
66.249.79.111 - - [25/Sep/2016:04:59:40 +0800] "GET /run/help3403?p=np&a=31 HTTP/1.1" 200 20156
188.168.193.203 - - [25/Sep/2016:05:00:10 +0800] "GET /run/help1200?p=np&rss=y&t=223 HTTP/1.1" 200 420
120.16.182.26 - - [25/Sep/2016:05:00:10 +0800] "GET /run/cssubmit HTTP/1.1" 200 26363
120.16.182.26 - - [25/Sep/2016:05:00:13 +0800] "GET /run/cssubmit?p=np&login=y HTTP/1.1" 200 13658
120.16.182.26 - - [25/Sep/2016:05:00:15 +0800] "POST /run/cssubmit?p=np HTTP/1.1" 200 26729
141.8.143.198 - - [25/Sep/2016:05:00:19 +0800] "GET / HTTP/1.1" 200 8030
120.16.182.26 - - [25/Sep/2016:05:00:20 +0800] "GET /run/cssubmit?p=np&open=CITS4419-1 HTTP/1.1" 200 27460
120.16.182.26 - - [25/Sep/2016:05:00:28 +0800] "GET /run/cssubmit?p=np&key=research-essay HTTP/1.1" 200 20045
120.16.182.26 - - [25/Sep/2016:05:00:28 +0800] "GET /images/cssubmit/late.gif HTTP/1.1" 200 87
120.16.182.26 - - [25/Sep/2016:05:00:28 +0800] "GET /images/cssubmit/extension.png HTTP/1.1" 200 828
120.16.182.26 - - [25/Sep/2016:05:01:01 +0800] "GET /run/cssubmit?p=np&download=y&fetch=y&key=research-essay&what=Research%20Essay%20on%20%20Energy%20efficient%20zone%20based%20routing%20protocol%20for%20MANETs.pdf HTTP/1.1" 200 149651
120.16.182.26 - - [25/Sep/2016:05:03:59 +0800] "GET /run/cssubmit?p=np&open=CITS4419-1 HTTP/1.1" 200 27304
120.16.182.26 - - [25/Sep/2016:05:04:00 +0800] "GET /newcss/visualid_scripts_id-core_r218.js HTTP/1.1" 304 -
120.16.182.26 - - [25/Sep/2016:05:04:00 +0800] "GET /newcss/CSM-ecm.css HTTP/1.1" 304 -
120.16.182.26 - - [25/Sep/2016:05:04:00 +0800] "GET /newcss/visualid_oldcore_uwa_id_core_r333.css HTTP/1.1" 304 -
120.16.182.26 - - [25/Sep/2016:05:04:00 +0800] "GET /newcss/designs_page_types_uwa_landing_page.css HTTP/1.1" 304 -
120.16.182.26 - - [25/Sep/2016:05:04:00 +0800] "GET /newcss/designs_themes_school_ecm-landing.css HTTP/1.1" 304 -
120.16.182.26 - - [25/Sep/2016:05:04:00 +0800] "GET /newcss/designs_themes_faculty_ecm.css HTTP/1.1" 304 -
120.16.182.26 - - [25/Sep/2016:05:04:00 +0800] "GET /newcss/graphics/uwacrest-print.gif HTTP/1.1" 304 -
120.16.182.26 - - [25/Sep/2016:05:04:00 +0800] "GET /newcss/graphics/search-button-go.gif HTTP/1.1" 304 -
120.16.182.26 - - [25/Sep/2016:05:04:00 +0800] "GET /newcss/CSM-SCROLLRSS.js HTTP/1.1" 304 -
120.16.182.26 - - [25/Sep/2016:05:04:00 +0800] "GET /newcss/graphics/uwacrest.png HTTP/1.1" 304 -
120.16.182.26 - - [25/Sep/2016:05:04:00 +0800] "GET /newcss/designs_uwa_id_print.css HTTP/1.1" 304 -
120.16.182.26 - - [25/Sep/2016:05:04:01 +0800] "GET /newcss/graphics/header-background-02.jpg HTTP/1.1" 304 -
120.16.182.26 - - [25/Sep/2016:05:04:01 +0800] "GET /newcss/mysource_files/footer-lastcol-toparrow.gif HTTP/1.1" 304 -
120.16.182.26 - - [25/Sep/2016:05:04:01 +0800] "GET /newcss/mysource_files/arrow-linknav-grey.gif HTTP/1.1" 304 -
120.16.182.26 - - [25/Sep/2016:05:04:01 +0800] "GET /newcss/mysource_files/arrow-footerlink.gif HTTP/1.1" 304 -
120.16.182.26 - - [25/Sep/2016:05:04:01 +0800] "GET /newcss/mysource_files/footer-bgrepeat.jpg HTTP/1.1" 304 -
120.16.182.26 - - [25/Sep/2016:05:04:01 +0800] "GET /newcss/mysource_files/footer-hp-watermarkbg.gif HTTP/1.1" 304 -
120.16.182.26 - - [25/Sep/2016:05:04:04 +0800] "GET /run/cssubmit?p=np&open=CITS4419-1 HTTP/1.1" 200 27304
120.16.182.26 - - [25/Sep/2016:05:04:08 +0800] "GET /run/cssubmit?p=np&logout=y HTTP/1.1" 200 26570
125.253.101.233 - - [25/Sep/2016:05:04:09 +0800] "GET /run/csmarks HTTP/1.1" 200 17100
125.253.101.233 - - [25/Sep/2016:05:04:09 +0800] "GET /newcss/graphics/uwacrest-print.gif HTTP/1.1" 200 11795
125.253.101.233 - - [25/Sep/2016:05:04:09 +0800] "GET /newcss/graphics/search-button-go.gif HTTP/1.1" 200 835
125.253.101.233 - - [25/Sep/2016:05:04:09 +0800] "GET /newcss/mysource_files/arrow-linknav-grey.gif HTTP/1.1" 200 177
125.253.101.233 - - [25/Sep/2016:05:04:09 +0800] "GET /newcss/graphics/uwacrest.png HTTP/1.1" 200 24017
125.253.101.233 - - [25/Sep/2016:05:04:09 +0800] "GET /newcss/mysource_files/footer-lastcol-toparrow.gif HTTP/1.1" 200 285
125.253.101.233 - - [25/Sep/2016:05:04:09 +0800] "GET /newcss/mysource_files/footer-bgrepeat.jpg HTTP/1.1" 200 479
125.253.101.233 - - [25/Sep/2016:05:04:09 +0800] "GET /newcss/mysource_files/footer-hp-watermarkbg.gif HTTP/1.1" 200 11663
125.253.101.233 - - [25/Sep/2016:05:04:09 +0800] "GET /newcss/mysource_files/arrow-footerlink.gif HTTP/1.1" 200 50
125.253.101.233 - - [25/Sep/2016:05:04:09 +0800] "GET /newcss/graphics/header-background-02.jpg HTTP/1.1" 200 219920
125.253.101.233 - - [25/Sep/2016:05:04:10 +0800] "POST /run/csmarks?school=00230 HTTP/1.1" 200 12878
125.253.101.233 - - [25/Sep/2016:05:04:11 +0800] "GET /images/csmarks/info.gif HTTP/1.1" 200 564
125.253.101.233 - - [25/Sep/2016:05:04:10 +0800] "POST /run/csmarks?school=00230 HTTP/1.1" 200 19380
120.16.182.26 - - [25/Sep/2016:05:04:11 +0800] "GET /run/cssubmit?p=np&login=y HTTP/1.1" 200 13658
125.253.101.233 - - [25/Sep/2016:05:04:11 +0800] "GET /images/csmarks/plots/87866711b49baab30c98c086cb083143.png HTTP/1.1" 200 4186
125.253.101.233 - - [25/Sep/2016:05:04:11 +0800] "GET /newcss/graphics/bullet-link.gif HTTP/1.1" 200 177
120.16.182.26 - - [25/Sep/2016:05:04:13 +0800] "POST /run/cssubmit?p=np HTTP/1.1" 200 26573
120.16.182.26 - - [25/Sep/2016:05:04:21 +0800] "GET /run/cssubmit?p=np&open=CITS4419-1 HTTP/1.1" 200 27304
120.16.182.26 - - [25/Sep/2016:05:04:24 +0800] "GET /run/cssubmit?p=np&open=CITS4402-1 HTTP/1.1" 200 29531
120.16.182.26 - - [25/Sep/2016:05:04:25 +0800] "GET /images/cssubmit/cross.gif HTTP/1.1" 200 87
120.16.182.26 - - [25/Sep/2016:05:04:34 +0800] "GET /run/cssubmit?p=np&open=CITS4401-1 HTTP/1.1" 200 27407
120.16.182.26 - - [25/Sep/2016:05:04:39 +0800] "GET /run/cssubmit?p=np&open=CITS4419-1 HTTP/1.1" 200 27304
120.16.182.26 - - [25/Sep/2016:05:04:42 +0800] "GET /run/cssubmit?p=np&open=CITS4419-1 HTTP/1.1" 200 27304
120.16.182.26 - - [25/Sep/2016:05:04:44 +0800] "GET /run/cssubmit?p=np&key=CITS4419-1-01 HTTP/1.1" 200 16934
120.16.182.26 - - [25/Sep/2016:05:04:48 +0800] "GET /run/cssubmit?p=np&open=CITS4419-1 HTTP/1.1" 200 27304
120.16.182.26 - - [25/Sep/2016:05:04:52 +0800] "GET /run/cssubmit?p=np&key=research-essay HTTP/1.1" 200 20227
120.16.182.26 - - [25/Sep/2016:05:04:58 +0800] "GET /run/cssubmit?p=np&logout=y HTTP/1.1" 200 26570
66.249.79.111 - - [25/Sep/2016:05:05:00 +0800] "GET /run/help3210?p=np&rss=y HTTP/1.1" 200 420
120.16.182.26 - - [25/Sep/2016:05:05:04 +0800] "GET /run/cssubmit?p=np HTTP/1.1" 200 26363
66.249.79.107 - - [25/Sep/2016:05:05:06 +0800] "GET /run/help3230?p=np&rss=y HTTP/1.1" 200 420
120.16.182.26 - - [25/Sep/2016:05:05:07 +0800] "GET /run/cssubmit?p=np&login=y HTTP/1.1" 200 13658
120.16.182.26 - - [25/Sep/2016:05:05:13 +0800] "GET /run/cssubmit?p=np&open=CITS4419-1 HTTP/1.1" 200 27021
120.16.182.26 - - [25/Sep/2016:05:05:18 +0800] "GET /run/cssubmit?p=np&login=y HTTP/1.1" 200 13658
120.16.182.26 - - [25/Sep/2016:05:05:20 +0800] "POST /run/cssubmit?p=np HTTP/1.1" 200 26573
66.249.79.107 - - [25/Sep/2016:05:05:22 +0800] "GET /run/csentry?jumpto2=help3001 HTTP/1.1" 302 227
120.16.182.26 - - [25/Sep/2016:05:05:23 +0800] "GET /run/cssubmit?p=np&open=CITS4419-1 HTTP/1.1" 200 27304
120.16.182.26 - - [25/Sep/2016:05:05:33 +0800] "GET /run/cssubmit?p=np&key=research-essay HTTP/1.1" 200 20227
120.16.182.26 - - [25/Sep/2016:05:05:59 +0800] "GET /run/cssubmit?p=np&download=y&fetch=y&key=research-essay&what=Research%20Essay%20on%20%20Energy%20efficient%20zone%20based%20routing%20protocol%20for%20MANETs.pdf HTTP/1.1" 200 149651
207.46.13.67 - - [25/Sep/2016:05:07:10 +0800] "GET /run/help1001?p=np&a=1522&all=y5 HTTP/1.1" 200 29086
104.154.239.182 - - [25/Sep/2016:05:07:12 +0800] "GET /run/help4419?p=np&rss=y HTTP/1.1" 200 10275
120.16.182.26 - - [25/Sep/2016:05:07:16 +0800] "GET /run/cssubmit?p=np&logout=y HTTP/1.1" 200 26570
120.16.182.26 - - [25/Sep/2016:05:07:19 +0800] "GET /run/cssubmit?p=np&open=CITS4419-1 HTTP/1.1" 200 27021
120.16.182.26 - - [25/Sep/2016:05:07:20 +0800] "GET /apple-touch-icon-120x120-precomposed.png HTTP/1.1" 404 238
120.16.182.26 - - [25/Sep/2016:05:07:20 +0800] "GET /apple-touch-icon-120x120.png HTTP/1.1" 404 226
120.16.182.26 - - [25/Sep/2016:05:07:20 +0800] "GET /apple-touch-icon.png HTTP/1.1" 404 218
120.16.182.26 - - [25/Sep/2016:05:07:21 +0800] "GET /apple-touch-icon.png HTTP/1.1" 404 218
120.16.182.26 - - [25/Sep/2016:05:07:21 +0800] "GET /apple-touch-icon-precomposed.png HTTP/1.1" 404 230
207.46.13.153 - - [25/Sep/2016:05:08:01 +0800] "GET /run/help2002 HTTP/1.1" 200 45470
207.46.13.67 - - [25/Sep/2016:05:08:12 +0800] "GET /run/help1401?p=np&a=119&login=y HTTP/1.1" 200 18389
65.19.138.35 - - [25/Sep/2016:05:09:17 +0800] "GET /run/help4419?p=np&rss=y HTTP/1.1" 200 10275
175.38.74.53 - - [25/Sep/2016:05:10:09 +0800] "GET /run/help4419 HTTP/1.1" 200 21165
175.38.74.53 - - [25/Sep/2016:05:10:09 +0800] "GET /newcss/visualid_scripts_id-core_r218.js HTTP/1.1" 200 15469
175.38.74.53 - - [25/Sep/2016:05:10:10 +0800] "GET /newcss/designs_page_types_uwa_landing_page.css HTTP/1.1" 200 8158
175.38.74.53 - - [25/Sep/2016:05:10:10 +0800] "GET /newcss/designs_themes_faculty_ecm.css HTTP/1.1" 200 2344
175.38.74.53 - - [25/Sep/2016:05:10:10 +0800] "GET /newcss/designs_themes_school_ecm-landing.css HTTP/1.1" 200 4250
175.38.74.53 - - [25/Sep/2016:05:10:10 +0800] "GET /newcss/CSM-ecm.css HTTP/1.1" 200 6740
175.38.74.53 - - [25/Sep/2016:05:10:10 +0800] "GET /newcss/CSM-SCROLLRSS.js HTTP/1.1" 200 1612
175.38.74.53 - - [25/Sep/2016:05:10:10 +0800] "GET /newcss/visualid_oldcore_uwa_id_core_r333.css HTTP/1.1" 200 129062
175.38.74.53 - - [25/Sep/2016:05:10:11 +0800] "GET /newcss/graphics/uwacrest-print.gif HTTP/1.1" 200 11795
175.38.74.53 - - [25/Sep/2016:05:10:11 +0800] "GET /newcss/graphics/search-button-go.gif HTTP/1.1" 200 835
175.38.74.53 - - [25/Sep/2016:05:10:11 +0800] "GET /newcss/designs_uwa_id_print.css HTTP/1.1" 200 1854
175.38.74.53 - - [25/Sep/2016:05:10:11 +0800] "GET /images/cshelp/rssdual.png HTTP/1.1" 200 534
175.38.74.53 - - [25/Sep/2016:05:10:11 +0800] "GET /newcss/graphics/uwacrest.png HTTP/1.1" 200 24017
175.38.74.53 - - [25/Sep/2016:05:10:11 +0800] "GET /images/cshelp/cloud.gif HTTP/1.1" 200 1324
175.38.74.53 - - [25/Sep/2016:05:10:11 +0800] "GET /images/cshelp/rss.gif HTTP/1.1" 200 232
175.38.74.53 - - [25/Sep/2016:05:10:11 +0800] "GET /newcss/mysource_files/arrow-linknav-grey.gif HTTP/1.1" 200 177
175.38.74.53 - - [25/Sep/2016:05:10:11 +0800] "GET /newcss/graphics/dotoverlay260160.gif HTTP/1.1" 200 480
175.38.74.53 - - [25/Sep/2016:05:10:12 +0800] "GET /newcss/mysource_files/footer-bgrepeat.jpg HTTP/1.1" 200 479
175.38.74.53 - - [25/Sep/2016:05:10:12 +0800] "GET /newcss/mysource_files/footer-hp-watermarkbg.gif HTTP/1.1" 200 11663
175.38.74.53 - - [25/Sep/2016:05:10:12 +0800] "GET /newcss/mysource_files/arrow-footerlink.gif HTTP/1.1" 200 50
175.38.74.53 - - [25/Sep/2016:05:10:11 +0800] "GET /newcss/graphics/header-background-02.jpg HTTP/1.1" 200 219920
175.38.74.53 - - [25/Sep/2016:05:10:13 +0800] "GET /newcss/mysource_files/footer-lastcol-toparrow.gif HTTP/1.1" 200 285
175.38.74.53 - - [25/Sep/2016:05:10:13 +0800] "GET /favicon.ico HTTP/1.1" 200 2494
175.38.74.53 - - [25/Sep/2016:05:10:15 +0800] "GET /run/help4419?p=np&a=8&all=y3 HTTP/1.1" 200 23273
175.38.74.53 - - [25/Sep/2016:05:10:15 +0800] "GET /images/csphotos/anonymous.jpg HTTP/1.1" 200 4845
175.38.74.53 - - [25/Sep/2016:05:10:15 +0800] "GET /images/cshelp/first-grey.gif HTTP/1.1" 200 943
175.38.74.53 - - [25/Sep/2016:05:10:15 +0800] "GET /images/cshelp/prev-grey.gif HTTP/1.1" 200 933
175.38.74.53 - - [25/Sep/2016:05:10:15 +0800] "GET /images/cshelp/next.gif HTTP/1.1" 200 230
175.38.74.53 - - [25/Sep/2016:05:10:15 +0800] "GET /images/cshelp/last.gif HTTP/1.1" 200 237
175.38.74.53 - - [25/Sep/2016:05:10:15 +0800] "GET /images/cshelp/first.gif HTTP/1.1" 200 239
175.38.74.53 - - [25/Sep/2016:05:10:15 +0800] "GET /images/cshelp/prev.gif HTTP/1.1" 200 230
175.38.74.53 - - [25/Sep/2016:05:10:18 +0800] "GET /images/cshelp/next-grey.gif HTTP/1.1" 200 933
175.38.74.53 - - [25/Sep/2016:05:10:18 +0800] "GET /images/cshelp/last-grey.gif HTTP/1.1" 200 941
66.249.79.107 - - [25/Sep/2016:05:11:05 +0800] "GET /run/csforum?jumpto2=csmarks HTTP/1.1" 302 226
66.249.79.111 - - [25/Sep/2016:05:12:07 +0800] "GET /run/help2200 HTTP/1.1" 200 49252
207.46.13.67 - - [25/Sep/2016:05:12:51 +0800] "GET /run/help1001?p=np&a=771&login=y HTTP/1.1" 200 18416
207.46.13.67 - - [25/Sep/2016:05:13:12 +0800] "GET /run/csforum?p=np&a=43 HTTP/1.1" 200 19503
178.63.55.202 - - [25/Sep/2016:05:13:32 +0800] "GET /run/help4403?p=np&rss=y HTTP/1.1" 200 8233
207.46.13.67 - - [25/Sep/2016:05:13:43 +0800] "GET /run/help1001?p=np&a=1699 HTTP/1.1" 200 21388
66.249.79.107 - - [25/Sep/2016:05:13:45 +0800] "GET /run/help3230?p=np&rss=y HTTP/1.1" 200 420
66.249.79.111 - - [25/Sep/2016:05:16:48 +0800] "GET /run/help2200?p=np&option=F149 HTTP/1.1" 200 149153
104.154.239.182 - - [25/Sep/2016:05:17:12 +0800] "GET /run/help4419?p=np&rss=y HTTP/1.1" 200 10275
66.249.79.111 - - [25/Sep/2016:05:17:24 +0800] "GET /run/help2200?p=np&a=537&all=y11 HTTP/1.1" 200 40627
52.11.82.104 - - [25/Sep/2016:05:20:08 +0800] "GET /run/help1001?p=np&rss=y&t=1340 HTTP/1.1" 200 5962
52.11.82.104 - - [25/Sep/2016:05:20:08 +0800] "GET /run/help1001?p=np&rss=y&t=1386 HTTP/1.1" 200 3063
66.249.79.115 - - [25/Sep/2016:05:21:10 +0800] "GET /run/help3003?p=np&a=89 HTTP/1.1" 200 13747
66.249.79.107 - - [25/Sep/2016:05:22:31 +0800] "GET /run/help3242?p=np&login=y HTTP/1.1" 200 17816
66.249.79.107 - - [25/Sep/2016:05:22:55 +0800] "GET /run/help2200?p=np&option=F555 HTTP/1.1" 200 19209
66.249.79.111 - - [25/Sep/2016:05:23:18 +0800] "GET /run/help2200?p=np&option=F548 HTTP/1.1" 200 19401
66.249.79.115 - - [25/Sep/2016:05:26:08 +0800] "GET /run/help3242?jumpto2=help4407 HTTP/1.1" 302 227
104.154.239.182 - - [25/Sep/2016:05:27:12 +0800] "GET /run/help4419?p=np&rss=y HTTP/1.1" 200 10275
66.249.79.107 - - [25/Sep/2016:05:27:27 +0800] "GET /run/csforum?p=np&rss=y HTTP/1.1" 200 22746
68.180.228.54 - - [25/Sep/2016:05:27:59 +0800] "GET /run/cssubmit?listby=w HTTP/1.1" 200 26363
66.249.79.115 - - [25/Sep/2016:05:28:14 +0800] "GET /robots.txt HTTP/1.1" 200 57
66.249.79.115 - - [25/Sep/2016:05:28:15 +0800] "GET / HTTP/1.1" 200 8030
66.249.79.119 - - [25/Sep/2016:05:28:21 +0800] "GET /newcss/CSM-SCROLLRSS.js HTTP/1.1" 200 1612
66.249.79.115 - - [25/Sep/2016:05:28:22 +0800] "GET /newcss/visualid_oldcore_uwa_id_core_r333.css HTTP/1.1" 200 129062
66.249.79.115 - - [25/Sep/2016:05:28:24 +0800] "GET /newcss/designs_themes_faculty_ecm.css HTTP/1.1" 200 2344
66.249.79.119 - - [25/Sep/2016:05:28:25 +0800] "GET /newcss/designs_uwa_id_print.css HTTP/1.1" 200 1854
66.249.79.115 - - [25/Sep/2016:05:28:26 +0800] "GET /newcss/visualid_scripts_id-core_r218.js HTTP/1.1" 200 15469
66.249.79.115 - - [25/Sep/2016:05:28:27 +0800] "GET /newcss/CSM-ecm.css HTTP/1.1" 200 6740
66.249.79.115 - - [25/Sep/2016:05:28:28 +0800] "GET /newcss/designs_page_types_uwa_landing_page.css HTTP/1.1" 200 8158
66.249.79.115 - - [25/Sep/2016:05:28:29 +0800] "GET /newcss/designs_themes_school_ecm-landing.css HTTP/1.1" 200 4250
66.249.79.115 - - [25/Sep/2016:05:28:30 +0800] "GET /newcss/CSM-ds_cal.js HTTP/1.1" 200 6030
188.168.193.203 - - [25/Sep/2016:05:30:12 +0800] "GET /run/help1200?p=np&rss=y&t=223 HTTP/1.1" 200 420
66.249.79.107 - - [25/Sep/2016:05:30:52 +0800] "GET /newcss/designs_page_types_uwa_landing_page.css HTTP/1.1" 200 8158
66.249.79.107 - - [25/Sep/2016:05:30:53 +0800] "GET /newcss/CSM-SCROLLRSS.js HTTP/1.1" 200 1612
66.249.79.107 - - [25/Sep/2016:05:30:54 +0800] "GET /newcss/designs_themes_faculty_ecm.css HTTP/1.1" 200 2344
66.249.79.107 - - [25/Sep/2016:05:30:55 +0800] "GET /newcss/CSM-ecm.css HTTP/1.1" 200 6740
66.249.79.107 - - [25/Sep/2016:05:30:56 +0800] "GET /newcss/visualid_scripts_id-core_r218.js HTTP/1.1" 200 15469
66.249.79.107 - - [25/Sep/2016:05:30:57 +0800] "GET /newcss/designs_themes_school_ecm-landing.css HTTP/1.1" 200 4250
66.249.79.107 - - [25/Sep/2016:05:30:58 +0800] "GET /newcss/visualid_oldcore_uwa_id_core_r333.css HTTP/1.1" 200 129062
66.249.79.107 - - [25/Sep/2016:05:30:59 +0800] "GET /newcss/designs_page_types_uwa_landing_page.css HTTP/1.1" 200 8158
66.249.79.107 - - [25/Sep/2016:05:31:00 +0800] "GET /newcss/CSM-SCROLLRSS.js HTTP/1.1" 200 1612
66.249.79.107 - - [25/Sep/2016:05:31:01 +0800] "GET /newcss/designs_themes_faculty_ecm.css HTTP/1.1" 200 2344
66.249.79.107 - - [25/Sep/2016:05:31:02 +0800] "GET /newcss/CSM-ecm.css HTTP/1.1" 200 6740
66.249.79.107 - - [25/Sep/2016:05:31:03 +0800] "GET /newcss/visualid_scripts_id-core_r218.js HTTP/1.1" 200 15469
66.249.79.107 - - [25/Sep/2016:05:31:04 +0800] "GET /newcss/designs_themes_school_ecm-landing.css HTTP/1.1" 200 4250
66.249.79.107 - - [25/Sep/2016:05:31:05 +0800] "GET /newcss/visualid_oldcore_uwa_id_core_r333.css HTTP/1.1" 200 129062
66.249.79.107 - - [25/Sep/2016:05:31:07 +0800] "GET /newcss/designs_uwa_id_print.css HTTP/1.1" 200 1854
66.249.79.107 - - [25/Sep/2016:05:33:27 +0800] "GET /run/help3401?p=np&rss=y HTTP/1.1" 200 11273
66.249.79.111 - - [25/Sep/2016:05:33:57 +0800] "GET /run/icpcforum HTTP/1.1" 200 16337
66.249.79.115 - - [25/Sep/2016:05:36:17 +0800] "GET /run/help3402 HTTP/1.1" 200 23754
66.249.79.111 - - [25/Sep/2016:05:37:04 +0800] "GET /run/csmarks HTTP/1.1" 200 17100
104.154.239.182 - - [25/Sep/2016:05:37:12 +0800] "GET /run/help4419?p=np&rss=y HTTP/1.1" 200 10275
66.249.79.107 - - [25/Sep/2016:05:39:40 +0800] "GET /run/help4405?p=np&a=0 HTTP/1.1" 200 16243
144.138.80.111 - - [25/Sep/2016:05:42:02 +0800] "GET /run/help3402 HTTP/1.1" 200 23754
144.138.80.111 - - [25/Sep/2016:05:42:09 +0800] "GET /run/help3402?p=np&a=87 HTTP/1.1" 200 18221
106.68.210.227 - - [25/Sep/2016:05:45:13 +0800] "GET /run/help2002 HTTP/1.1" 200 45470
66.249.79.107 - - [25/Sep/2016:05:45:22 +0800] "GET /run/csforum?option=L HTTP/1.1" 200 34161
104.154.239.182 - - [25/Sep/2016:05:47:12 +0800] "GET /run/help4419?p=np&rss=y HTTP/1.1" 200 10275
66.249.79.107 - - [25/Sep/2016:05:51:05 +0800] "GET /run/help3001 HTTP/1.1" 200 25489
66.249.79.107 - - [25/Sep/2016:05:52:34 +0800] "GET /run/csforum?p=np&rss=y HTTP/1.1" 200 22746
66.249.79.107 - - [25/Sep/2016:05:56:48 +0800] "GET /run/help1402 HTTP/1.1" 200 16426
104.154.239.182 - - [25/Sep/2016:05:57:12 +0800] "GET /run/help4419?p=np&rss=y HTTP/1.1" 200 10275
188.168.193.203 - - [25/Sep/2016:06:00:15 +0800] "GET /run/help1200?p=np&rss=y&t=223 HTTP/1.1" 200 420
66.249.79.115 - - [25/Sep/2016:06:02:31 +0800] "GET /run/help1001?p=np&a=1403&all=y6 HTTP/1.1" 200 40822
110.175.131.64 - - [25/Sep/2016:06:05:19 +0800] "GET /run/help2002 HTTP/1.1" 200 45470
52.11.82.104 - - [25/Sep/2016:06:05:44 +0800] "GET /run/help1001?p=np&rss=y&t=1340 HTTP/1.1" 200 5962
52.11.82.104 - - [25/Sep/2016:06:05:44 +0800] "GET /run/help1001?p=np&rss=y&t=1386 HTTP/1.1" 200 3063
66.249.79.111 - - [25/Sep/2016:06:07:07 +0800] "GET /run/help3230?p=np&rss=y HTTP/1.1" 200 420
104.154.239.182 - - [25/Sep/2016:06:07:11 +0800] "GET /run/help4419?p=np&rss=y HTTP/1.1" 200 10275
66.249.79.111 - - [25/Sep/2016:06:08:14 +0800] "GET /run/help3002?p=np&a=290&all=y4 HTTP/1.1" 200 27931
207.46.13.153 - - [25/Sep/2016:06:10:25 +0800] "GET /run/help1001?p=np&option=F500 HTTP/1.1" 200 660627
207.46.13.153 - - [25/Sep/2016:06:10:28 +0800] "GET /run/help1001?p=np&option=F304 HTTP/1.1" 200 174823
207.46.13.153 - - [25/Sep/2016:06:10:30 +0800] "GET /run/help1001?p=np&option=F2445 HTTP/1.1" 200 660627
207.46.13.153 - - [25/Sep/2016:06:10:32 +0800] "GET /run/help1001?p=np&option=F1518 HTTP/1.1" 200 130071
207.46.13.153 - - [25/Sep/2016:06:10:34 +0800] "GET /run/help1001?p=np&option=F1513 HTTP/1.1" 200 17802
207.46.13.153 - - [25/Sep/2016:06:10:35 +0800] "GET /run/help1001?p=np&a=1188 HTTP/1.1" 200 23133
207.46.13.153 - - [25/Sep/2016:06:10:36 +0800] "GET /run/help1001?p=np&option=F1078 HTTP/1.1" 200 660627
207.46.13.153 - - [25/Sep/2016:06:10:39 +0800] "GET /run/help1001?p=np&a=1129&all=y9 HTTP/1.1" 200 27636
207.46.13.153 - - [25/Sep/2016:06:10:40 +0800] "GET /run/csmarks/ HTTP/1.1" 200 17100
207.46.13.153 - - [25/Sep/2016:06:10:41 +0800] "GET /run/help1001?p=np&a=681 HTTP/1.1" 200 22084
207.46.13.153 - - [25/Sep/2016:06:10:42 +0800] "GET /run/help1001?p=np&a=242 HTTP/1.1" 200 20152
207.46.13.153 - - [25/Sep/2016:06:10:43 +0800] "GET /run/help1001?p=np&a=219&login=y HTTP/1.1" 200 18420
207.46.13.153 - - [25/Sep/2016:06:10:44 +0800] "GET /run/help1001?p=np&a=157 HTTP/1.1" 200 22606
207.46.13.153 - - [25/Sep/2016:06:10:44 +0800] "GET /run/help3402?p=np&a=9 HTTP/1.1" 200 18611
207.46.13.153 - - [25/Sep/2016:06:10:45 +0800] "GET /run/help3401?p=np&option=F19 HTTP/1.1" 200 19483
207.46.13.153 - - [25/Sep/2016:06:10:46 +0800] "GET /run/help3401?p=np&expand=99 HTTP/1.1" 200 24238
207.46.13.153 - - [25/Sep/2016:06:10:48 +0800] "GET /run/help3002?p=np&option=F211 HTTP/1.1" 200 57922
207.46.13.153 - - [25/Sep/2016:06:10:49 +0800] "GET /run/help3002?p=np&a=17 HTTP/1.1" 200 21128
207.46.13.153 - - [25/Sep/2016:06:10:49 +0800] "GET /run/help2211?p=np&a=39&login=y HTTP/1.1" 200 18367
207.46.13.153 - - [25/Sep/2016:06:10:50 +0800] "GET /run/help2200?p=np&option=F395 HTTP/1.1" 200 18908
207.46.13.153 - - [25/Sep/2016:06:10:51 +0800] "GET /run/help2200?p=np&option=F279 HTTP/1.1" 200 26378
207.46.13.153 - - [25/Sep/2016:06:10:51 +0800] "GET /run/help2200?p=np&expand=412 HTTP/1.1" 200 49252
207.46.13.153 - - [25/Sep/2016:06:10:52 +0800] "GET /run/help1001?p=np&a=1221&all=y2 HTTP/1.1" 200 33002
207.46.13.153 - - [25/Sep/2016:06:10:52 +0800] "GET /run/help2200 HTTP/1.1" 200 49252
207.46.13.153 - - [25/Sep/2016:06:10:53 +0800] "GET /run/help1401?p=np&a=57 HTTP/1.1" 200 16740
66.249.79.111 - - [25/Sep/2016:06:10:54 +0800] "GET /run/help3230?p=np&rss=y HTTP/1.1" 200 420
207.46.13.122 - - [25/Sep/2016:06:11:00 +0800] "GET /run/help1001?p=np&a=1219 HTTP/1.1" 200 21570
207.46.13.122 - - [25/Sep/2016:06:11:01 +0800] "GET /run/help1001?p=np&option=F484 HTTP/1.1" 200 130069
207.46.13.122 - - [25/Sep/2016:06:11:02 +0800] "GET /run/help1001?p=np&a=1208&all=y7 HTTP/1.1" 200 19739
207.46.13.122 - - [25/Sep/2016:06:11:03 +0800] "GET /run/help1001?p=np&a=1199&login=y HTTP/1.1" 200 18422
207.46.13.122 - - [25/Sep/2016:06:11:04 +0800] "GET /run/help1001?p=np&a=1191 HTTP/1.1" 200 23861
207.46.13.122 - - [25/Sep/2016:06:11:05 +0800] "GET /run/help1001?p=np&option=F1161 HTTP/1.1" 200 660625
207.46.13.122 - - [25/Sep/2016:06:11:08 +0800] "GET /run/help1001?p=np&a=924 HTTP/1.1" 200 27619
207.46.13.122 - - [25/Sep/2016:06:11:09 +0800] "GET /run/help1001?p=np&a=240 HTTP/1.1" 200 20368
207.46.13.122 - - [25/Sep/2016:06:11:10 +0800] "GET /run/help1001?p=np&a=1342&all=y7 HTTP/1.1" 200 49953
207.46.13.122 - - [25/Sep/2016:06:11:11 +0800] "GET /run/help4419?p=np&option=F42 HTTP/1.1" 200 16687
207.46.13.122 - - [25/Sep/2016:06:11:11 +0800] "GET /run/help4419?p=np&option=F33 HTTP/1.1" 200 16687
207.46.13.122 - - [25/Sep/2016:06:11:12 +0800] "GET /run/help3003?p=np&option=F75 HTTP/1.1" 200 68240
207.46.13.122 - - [25/Sep/2016:06:11:14 +0800] "GET /run/help3003?p=np&option=F26 HTTP/1.1" 200 68240
207.46.13.122 - - [25/Sep/2016:06:11:15 +0800] "GET /run/help2401?p=np&login=y HTTP/1.1" 200 17832
207.46.13.122 - - [25/Sep/2016:06:11:16 +0800] "GET /run/help2200?p=np&option=F78 HTTP/1.1" 200 20778
207.46.13.122 - - [25/Sep/2016:06:11:17 +0800] "GET /run/help2200?p=np&option=F473 HTTP/1.1" 200 25986
207.46.13.122 - - [25/Sep/2016:06:11:18 +0800] "GET /run/help1401?p=np&option=F214 HTTP/1.1" 200 16698
207.46.13.122 - - [25/Sep/2016:06:11:19 +0800] "GET /run/help1401?p=np&expand=151 HTTP/1.1" 200 22808
207.46.13.122 - - [25/Sep/2016:06:11:19 +0800] "GET /run/help1001?p=np&option=F69 HTTP/1.1" 200 660625
142.244.5.141 - - [25/Sep/2016:06:13:28 +0800] "GET /run/cnet-download HTTP/1.1" 200 15215
142.244.5.141 - - [25/Sep/2016:06:13:29 +0800] "GET /images/uwacrest.png HTTP/1.1" 200 24017
142.244.5.141 - - [25/Sep/2016:06:13:29 +0800] "GET /images/bullet-link.gif HTTP/1.1" 200 177
142.244.5.141 - - [25/Sep/2016:06:13:29 +0800] "GET /images/search-background.gif HTTP/1.1" 200 99
142.244.5.141 - - [25/Sep/2016:06:13:29 +0800] "GET /images/secure.gif HTTP/1.1" 200 243
142.244.5.141 - - [25/Sep/2016:06:13:29 +0800] "GET /images/header-background-03.png HTTP/1.1" 200 483675
142.244.5.141 - - [25/Sep/2016:06:13:33 +0800] "GET /favicon.ico HTTP/1.1" 200 2494
178.63.55.202 - - [25/Sep/2016:06:13:34 +0800] "GET /run/help4403?p=np&rss=y HTTP/1.1" 200 8233
66.249.79.111 - - [25/Sep/2016:06:13:57 +0800] "GET /run/help4402?p=np&a=24 HTTP/1.1" 200 23003
66.249.79.111 - - [25/Sep/2016:06:14:23 +0800] "GET /run/icpcforum?p=np&rss=y HTTP/1.1" 200 425
142.244.5.141 - - [25/Sep/2016:06:14:00 +0800] "POST /run/cnet-download HTTP/1.1" 200 2687235
104.154.239.182 - - [25/Sep/2016:06:17:12 +0800] "GET /run/help4419?p=np&rss=y HTTP/1.1" 200 10275
66.249.79.111 - - [25/Sep/2016:06:17:50 +0800] "GET /run/help1200?jumpto2=cssubmit HTTP/1.1" 302 227
66.249.79.115 - - [25/Sep/2016:06:19:40 +0800] "GET /run/help1002 HTTP/1.1" 200 16244
157.55.39.70 - - [25/Sep/2016:06:21:10 +0800] "GET /run/help1001?p=np&option=F2443 HTTP/1.1" 200 660627
66.249.79.107 - - [25/Sep/2016:06:21:13 +0800] "GET /run/help1002?jumpto2=help5507 HTTP/1.1" 302 227
66.249.79.111 - - [25/Sep/2016:06:21:59 +0800] "GET /run/help1002?jumpto2=help1401 HTTP/1.1" 302 227
66.249.79.107 - - [25/Sep/2016:06:23:35 +0800] "GET /run/help1002?jumpto2=help5504 HTTP/1.1" 302 227
66.249.79.107 - - [25/Sep/2016:06:24:53 +0800] "GET /run/help1002?jumpto2=help5502 HTTP/1.1" 302 227
207.46.13.122 - - [25/Sep/2016:06:26:04 +0800] "GET /run/help1401?p=np&rss=y&t=7 HTTP/1.1" 200 1085
157.55.39.70 - - [25/Sep/2016:06:27:10 +0800] "GET /run/help1001?p=np&a=1192 HTTP/1.1" 200 22363
104.154.239.182 - - [25/Sep/2016:06:27:12 +0800] "GET /run/help4419?p=np&rss=y HTTP/1.1" 200 10275
157.55.39.70 - - [25/Sep/2016:06:27:13 +0800] "GET /run/help1001?p=np&option=F434 HTTP/1.1" 200 660627
157.55.39.70 - - [25/Sep/2016:06:27:17 +0800] "GET /run/help1001?p=np&option=F411 HTTP/1.1" 200 660627
66.249.79.107 - - [25/Sep/2016:06:27:29 +0800] "GET /run/help5502?p=np&rss=y&t=24 HTTP/1.1" 200 1281
66.249.79.115 - - [25/Sep/2016:06:28:01 +0800] "GET /run/help5502?p=np&a=16&all=y3 HTTP/1.1" 200 27096
66.249.79.111 - - [25/Sep/2016:06:28:18 +0800] "GET /run/cssubmit HTTP/1.1" 200 26363
66.249.79.107 - - [25/Sep/2016:06:28:46 +0800] "GET /run/help5502?p=np&a=24 HTTP/1.1" 200 18575
66.249.79.115 - - [25/Sep/2016:06:30:08 +0800] "GET /run/help4211?p=np&rss=y HTTP/1.1" 200 420
66.249.79.111 - - [25/Sep/2016:06:30:17 +0800] "GET /run/help5502?p=np&a=25 HTTP/1.1" 200 20366
188.168.193.203 - - [25/Sep/2016:06:30:26 +0800] "GET /run/help1200?p=np&rss=y&t=223 HTTP/1.1" 200 420
66.249.79.107 - - [25/Sep/2016:06:30:58 +0800] "GET /run/help5502?p=np&a=24&login=y HTTP/1.1" 200 18394
66.249.79.107 - - [25/Sep/2016:06:31:43 +0800] "GET /run/help5502?p=np&a=25&login=y HTTP/1.1" 200 18381
106.68.210.227 - - [25/Sep/2016:06:32:57 +0800] "GET /run/csentry HTTP/1.1" 200 17324
106.68.210.227 - - [25/Sep/2016:06:33:00 +0800] "POST /run/csentry?p=np HTTP/1.1" 200 21140
66.249.79.107 - - [25/Sep/2016:06:33:03 +0800] "GET /run/help5502?p=np&option=F25 HTTP/1.1" 200 27793
106.68.210.227 - - [25/Sep/2016:06:33:06 +0800] "GET /run/cssubmit HTTP/1.1" 200 26488
106.68.210.227 - - [25/Sep/2016:06:33:09 +0800] "GET /run/cssubmit?p=np&open=CITS2002-2 HTTP/1.1" 200 28050
106.68.210.227 - - [25/Sep/2016:06:33:12 +0800] "GET /run/cssubmit?p=np&key=cits2002-proj1 HTTP/1.1" 200 64353
106.68.210.227 - - [25/Sep/2016:06:33:12 +0800] "GET /images/cssubmit/extension.png HTTP/1.1" 200 828
106.68.210.227 - - [25/Sep/2016:06:33:12 +0800] "GET /images/cssubmit/late.gif HTTP/1.1" 200 87
106.68.210.227 - - [25/Sep/2016:06:33:13 +0800] "GET /images/cssubmit/feedback.gif HTTP/1.1" 200 1132
66.249.79.111 - - [25/Sep/2016:06:33:19 +0800] "GET /run/help2200?p=np&option=F80 HTTP/1.1" 200 149153
106.68.210.227 - - [25/Sep/2016:06:34:05 +0800] "POST /run/cssubmit?p=np&key=cits2002-proj1 HTTP/1.1" 200 343940
66.249.79.107 - - [25/Sep/2016:06:34:16 +0800] "GET /run/help4211?p=np&rss=y HTTP/1.1" 200 420
66.249.79.107 - - [25/Sep/2016:06:34:59 +0800] "GET /run/help5502?p=np&option=F24 HTTP/1.1" 200 27793
66.249.79.115 - - [25/Sep/2016:06:36:48 +0800] "GET /run/help3003 HTTP/1.1" 200 24937
104.154.239.182 - - [25/Sep/2016:06:37:12 +0800] "GET /run/help4419?p=np&rss=y HTTP/1.1" 200 10275
66.249.79.115 - - [25/Sep/2016:06:38:56 +0800] "GET /run/csentry?jumpto2=help4407 HTTP/1.1" 302 227
66.249.79.115 - - [25/Sep/2016:06:38:57 +0800] "GET /run/help4407 HTTP/1.1" 200 27206
66.249.79.111 - - [25/Sep/2016:06:39:59 +0800] "GET /run/help3401?p=np&rss=y HTTP/1.1" 200 11273
66.249.79.115 - - [25/Sep/2016:06:41:43 +0800] "GET /run/help1001?hl=top&a=995 HTTP/1.1" 200 23104
66.249.79.115 - - [25/Sep/2016:06:42:31 +0800] "GET /run/csentry HTTP/1.1" 200 17324
104.154.239.182 - - [25/Sep/2016:06:47:12 +0800] "GET /run/help4419?p=np&rss=y HTTP/1.1" 200 10275
106.68.210.227 - - [25/Sep/2016:06:47:49 +0800] "GET /run/help2002 HTTP/1.1" 200 49093
66.249.79.115 - - [25/Sep/2016:06:48:14 +0800] "GET /run/help3401?p=np&a=107 HTTP/1.1" 200 21819
65.19.138.35 - - [25/Sep/2016:06:49:38 +0800] "GET /run/csforum?p=np&rss=y HTTP/1.1" 200 22746
68.180.228.54 - - [25/Sep/2016:06:51:01 +0800] "GET /robots.txt HTTP/1.1" 200 57
68.180.228.54 - - [25/Sep/2016:06:51:02 +0800] "GET /run/csforum?p=np&a=9 HTTP/1.1" 200 18617
52.11.82.104 - - [25/Sep/2016:06:52:13 +0800] "GET /run/help1001?p=np&rss=y&t=1340 HTTP/1.1" 200 5962
52.11.82.104 - - [25/Sep/2016:06:52:13 +0800] "GET /run/help1001?p=np&rss=y&t=1386 HTTP/1.1" 200 3063
66.249.79.111 - - [25/Sep/2016:06:53:57 +0800] "GET /run/help4402?p=np&a=11 HTTP/1.1" 200 20434
104.154.239.182 - - [25/Sep/2016:06:57:12 +0800] "GET /run/help4419?p=np&rss=y HTTP/1.1" 200 10275
66.249.79.115 - - [25/Sep/2016:06:59:40 +0800] "GET /run/cssubmit?p=np&open=CITS1401-2 HTTP/1.1" 200 26993
188.168.193.203 - - [25/Sep/2016:07:00:39 +0800] "GET /run/help1200?p=np&rss=y&t=223 HTTP/1.1" 200 420
66.249.79.107 - - [25/Sep/2016:07:05:22 +0800] "GET /run/cssubmit?p=np&open=CITS4403-1 HTTP/1.1" 200 26713
104.154.239.182 - - [25/Sep/2016:07:07:12 +0800] "GET /run/help4419?p=np&rss=y HTTP/1.1" 200 10275
157.55.39.70 - - [25/Sep/2016:07:09:42 +0800] "GET /run/help1001?p=np&a=1203&all=y8 HTTP/1.1" 200 50801
157.55.39.70 - - [25/Sep/2016:07:09:44 +0800] "GET /run/help1001?p=np&option=F363 HTTP/1.1" 200 20053
157.55.39.70 - - [25/Sep/2016:07:09:45 +0800] "GET /run/help1001?p=np&a=1203&all=y4 HTTP/1.1" 200 50801
157.55.39.70 - - [25/Sep/2016:07:09:46 +0800] "GET /run/help1001?p=np&option=F268 HTTP/1.1" 200 660627
157.55.39.70 - - [25/Sep/2016:07:09:51 +0800] "GET /run/help1001?p=np&a=120 HTTP/1.1" 200 21566
157.55.39.70 - - [25/Sep/2016:07:09:52 +0800] "GET /run/help1001?p=np&a=1192 HTTP/1.1" 200 22363
157.55.39.70 - - [25/Sep/2016:07:09:53 +0800] "GET /run/help1001?p=np&option=F246 HTTP/1.1" 200 174823
157.55.39.70 - - [25/Sep/2016:07:09:55 +0800] "GET /run/cssubmit?p=np&open=CITS3003-2 HTTP/1.1" 200 26363
157.55.39.70 - - [25/Sep/2016:07:09:56 +0800] "GET /run/help1001?p=np&option=F202 HTTP/1.1" 200 660627
157.55.39.70 - - [25/Sep/2016:07:09:59 +0800] "GET /run/help1001?p=np&option=F1556 HTTP/1.1" 200 61050
157.55.39.70 - - [25/Sep/2016:07:10:02 +0800] "GET /run/help1001?p=np&option=F1488 HTTP/1.1" 200 660627
157.55.39.70 - - [25/Sep/2016:07:10:05 +0800] "GET /run/help1001?p=np&option=F1420 HTTP/1.1" 200 660627
157.55.39.70 - - [25/Sep/2016:07:10:09 +0800] "GET /run/help1001?p=np&a=119 HTTP/1.1" 200 20180
157.55.39.70 - - [25/Sep/2016:07:10:10 +0800] "GET /run/help1001?p=np&a=1185 HTTP/1.1" 200 23029
157.55.39.70 - - [25/Sep/2016:07:10:11 +0800] "GET /run/help1001?p=np&a=920 HTTP/1.1" 200 21808
157.55.39.70 - - [25/Sep/2016:07:10:13 +0800] "GET /run/help1001?p=np&a=863 HTTP/1.1" 200 21101
157.55.39.70 - - [25/Sep/2016:07:10:14 +0800] "GET /run/help1001?p=np&a=49 HTTP/1.1" 200 18663
157.55.39.70 - - [25/Sep/2016:07:10:15 +0800] "GET /run/help1001?p=np&a=16 HTTP/1.1" 200 21556
157.55.39.70 - - [25/Sep/2016:07:10:16 +0800] "GET /run/help1001?p=np&a=1412 HTTP/1.1" 200 20846
157.55.39.70 - - [25/Sep/2016:07:10:17 +0800] "GET /run/cnet-download HTTP/1.1" 200 15215
157.55.39.70 - - [25/Sep/2016:07:10:18 +0800] "GET /run/help1001?p=np&a=1129&all=y4 HTTP/1.1" 200 27636
157.55.39.70 - - [25/Sep/2016:07:10:19 +0800] "GET /run/help1001?p=np&a=1316 HTTP/1.1" 200 20305
157.55.39.70 - - [25/Sep/2016:07:10:20 +0800] "GET /run/help1001?p=np&a=110&login=y HTTP/1.1" 200 18424
157.55.39.70 - - [25/Sep/2016:07:10:23 +0800] "GET /run/icpcforum?p=np&option=F62 HTTP/1.1" 200 16100
157.55.39.70 - - [25/Sep/2016:07:10:25 +0800] "GET /run/help4419?p=np&option=F7 HTTP/1.1" 200 20258
157.55.39.70 - - [25/Sep/2016:07:10:26 +0800] "GET /run/help3402?p=np&option=F294 HTTP/1.1" 200 16684
157.55.39.70 - - [25/Sep/2016:07:10:27 +0800] "GET /run/help3401?p=np&option=F72 HTTP/1.1" 200 32535
157.55.39.70 - - [25/Sep/2016:07:10:30 +0800] "GET /run/help3401 HTTP/1.1" 200 24238
157.55.39.70 - - [25/Sep/2016:07:10:32 +0800] "GET /run/help3230 HTTP/1.1" 200 16802
157.55.39.70 - - [25/Sep/2016:07:10:34 +0800] "GET /run/help3003?p=np&tracking=y HTTP/1.1" 200 18029
66.249.79.115 - - [25/Sep/2016:07:11:05 +0800] "GET /run/help2200?p=np&a=350 HTTP/1.1" 200 21660
106.68.210.227 - - [25/Sep/2016:07:11:19 +0800] "GET /run/csentry HTTP/1.1" 200 20908
106.68.210.227 - - [25/Sep/2016:07:11:27 +0800] "GET /run/csmarks HTTP/1.1" 200 46740
122.109.42.121 - - [25/Sep/2016:07:11:28 +0800] "GET /run/csmarks HTTP/1.1" 200 17100
106.68.210.227 - - [25/Sep/2016:07:11:30 +0800] "GET /run/csmarks?school=00230&unit=CITS2002-2 HTTP/1.1" 200 230416
106.68.210.227 - - [25/Sep/2016:07:11:31 +0800] "GET /images/csmarks/notenrolled.png HTTP/1.1" 200 595
106.68.210.227 - - [25/Sep/2016:07:11:31 +0800] "GET /images/csmarks/arrowup.gif HTTP/1.1" 200 97
106.68.210.227 - - [25/Sep/2016:07:11:31 +0800] "GET /images/csmarks/arrowdown.gif HTTP/1.1" 200 98
106.68.210.227 - - [25/Sep/2016:07:11:31 +0800] "GET /images/csmarks/hide.gif HTTP/1.1" 200 860
106.68.210.227 - - [25/Sep/2016:07:11:31 +0800] "GET /images/csmarks/info.gif HTTP/1.1" 200 564
157.55.39.70 - - [25/Sep/2016:07:13:02 +0800] "GET /run/help3003?p=np&option=F76 HTTP/1.1" 200 28617
157.55.39.70 - - [25/Sep/2016:07:13:03 +0800] "GET /run/help3003?p=np&option=F58 HTTP/1.1" 200 40215
157.55.39.70 - - [25/Sep/2016:07:13:04 +0800] "GET /run/help3002?p=np&a=178 HTTP/1.1" 200 28623
157.55.39.70 - - [25/Sep/2016:07:13:05 +0800] "GET /run/help2211 HTTP/1.1" 200 21615
157.55.39.70 - - [25/Sep/2016:07:13:06 +0800] "GET /run/help2200?p=np&option=F70 HTTP/1.1" 200 149151
157.55.39.70 - - [25/Sep/2016:07:13:07 +0800] "GET /run/help2200?p=np&option=F394 HTTP/1.1" 200 18906
157.55.39.70 - - [25/Sep/2016:07:13:08 +0800] "GET /run/help2200?p=np&option=F273 HTTP/1.1" 200 47231
157.55.39.70 - - [25/Sep/2016:07:13:09 +0800] "GET /run/help2200?p=np&option=F264 HTTP/1.1" 200 149151
157.55.39.70 - - [25/Sep/2016:07:13:11 +0800] "GET /run/help2140 HTTP/1.1" 200 16440
157.55.39.70 - - [25/Sep/2016:07:13:12 +0800] "GET /run/help1401?p=np&option=F127 HTTP/1.1" 200 16698
157.55.39.70 - - [25/Sep/2016:07:13:13 +0800] "GET /run/help1001?p=np&option=F682 HTTP/1.1" 200 660627
136.243.5.203 - - [25/Sep/2016:07:13:37 +0800] "GET /run/help4403?p=np&rss=y HTTP/1.1" 200 8233
66.249.79.115 - - [25/Sep/2016:07:14:31 +0800] "GET /run/help3230?p=np&rss=y HTTP/1.1" 200 420
66.249.79.107 - - [25/Sep/2016:07:15:25 +0800] "GET /run/help3230?p=np&rss=y HTTP/1.1" 200 420
66.249.79.111 - - [25/Sep/2016:07:16:48 +0800] "GET /run/help4401?p=np&a=24 HTTP/1.1" 200 21415
104.154.239.182 - - [25/Sep/2016:07:17:12 +0800] "GET /run/help4419?p=np&rss=y HTTP/1.1" 200 10275
106.69.233.57 - - [25/Sep/2016:07:17:51 +0800] "GET /run/csmarks HTTP/1.1" 200 17100
106.69.233.57 - - [25/Sep/2016:07:17:51 +0800] "GET /favicon.ico HTTP/1.1" 200 2494
106.69.233.57 - - [25/Sep/2016:07:17:57 +0800] "POST /run/csmarks?school=00230 HTTP/1.1" 200 40512
106.69.233.57 - - [25/Sep/2016:07:17:57 +0800] "GET /images/csmarks/plots/cdb26f2e4ac007b345dca0b3e8ca15ea.png HTTP/1.1" 200 3732
106.69.233.57 - - [25/Sep/2016:07:17:57 +0800] "GET /images/csmarks/plots/8ba70be40b450add07ce0d43ba6efde8.png HTTP/1.1" 200 4188
106.69.233.57 - - [25/Sep/2016:07:17:57 +0800] "GET /images/csmarks/plots/c758e370f8626db3d4752fa97b7cf2ae.png HTTP/1.1" 200 4609
106.69.233.57 - - [25/Sep/2016:07:17:57 +0800] "GET /images/csmarks/plots/204df16df681f451d1ece977ce5283f8.png HTTP/1.1" 200 4452
106.69.233.57 - - [25/Sep/2016:07:17:57 +0800] "GET /images/csmarks/plots/eb12b74b4550fcc910004570bbde38dd.png HTTP/1.1" 200 4631
106.69.233.57 - - [25/Sep/2016:07:17:57 +0800] "GET /images/csmarks/plots/ca2c4bb92d391ed8187b5bba1a6f7419.png HTTP/1.1" 200 4157
106.69.233.57 - - [25/Sep/2016:07:17:57 +0800] "GET /images/csmarks/plots/02419d2f224572eb3bf746d2963cf52e.png HTTP/1.1" 200 3384
106.69.233.57 - - [25/Sep/2016:07:17:57 +0800] "GET /images/csmarks/plots/f45ee72096bd49a5739177aae7a11e48.png HTTP/1.1" 200 4048
106.69.233.57 - - [25/Sep/2016:07:17:57 +0800] "GET /images/csmarks/plots/cde6e638f44a7d0b1d690901c613e684.png HTTP/1.1" 200 3936
106.69.233.57 - - [25/Sep/2016:07:17:58 +0800] "GET /images/csmarks/plots/923fbdf238f2efd56c848983a1f36d97.png HTTP/1.1" 200 3966
106.69.233.57 - - [25/Sep/2016:07:17:58 +0800] "GET /images/csmarks/plots/55001b7d4b71f28ee6ca9fae8f3d8562.png HTTP/1.1" 200 3824
106.69.233.57 - - [25/Sep/2016:07:17:58 +0800] "GET /images/csmarks/plots/df97e5f4cefaea59096116bb5d671e99.png HTTP/1.1" 200 3994
106.69.233.57 - - [25/Sep/2016:07:17:58 +0800] "GET /images/csmarks/plots/650a0a21f8ba7e8c7290f8d05ce893dd.png HTTP/1.1" 200 3878
106.69.233.57 - - [25/Sep/2016:07:17:58 +0800] "GET /images/csmarks/plots/27a0cda14ea3f05d81f4b67a6eb45d10.png HTTP/1.1" 200 3545
106.69.233.57 - - [25/Sep/2016:07:17:58 +0800] "GET /images/csmarks/plots/9b8b898e1d711a65fb60d1ba63486a72.png HTTP/1.1" 200 3454
106.69.233.57 - - [25/Sep/2016:07:17:58 +0800] "GET /images/csmarks/plots/83182f41021a1f0057471b726c476443.png HTTP/1.1" 200 3516
106.69.233.57 - - [25/Sep/2016:07:17:58 +0800] "GET /images/csmarks/plots/2cf80bdbef71f46d4477fa3cfbb54850.png HTTP/1.1" 200 4538
106.69.233.57 - - [25/Sep/2016:07:17:58 +0800] "GET /images/csmarks/plots/8ec875b62ed2e7e0b679188a8002fd57.png HTTP/1.1" 200 4224
106.69.233.57 - - [25/Sep/2016:07:17:58 +0800] "GET /images/csmarks/plots/be6905e5a309f48139da88a62581a081.png HTTP/1.1" 200 4057
106.69.233.57 - - [25/Sep/2016:07:17:58 +0800] "GET /images/csmarks/plots/4420665fb9a005a39df608053d7ca06c.png HTTP/1.1" 200 4054
106.69.233.57 - - [25/Sep/2016:07:17:58 +0800] "GET /images/csmarks/plots/c45a2d2a192b277427c668551869c29f.png HTTP/1.1" 200 4413
106.69.233.57 - - [25/Sep/2016:07:17:58 +0800] "GET /images/csmarks/plots/73b8b32c5421f8df51d3da8627f716a9.png HTTP/1.1" 200 3769
